// Jest Snapshot v1, https://goo.gl/fbAQLP

exports[`should render ExpenseList with empty message 1`] = `
<div>
  <p>
    No Expenses
  </p>
</div>
`;

exports[`should render ExpenseList with expenses 1`] = `
<div>
  <ExpenseListItem
    amount={109500}
    createdAt={0}
    description="Rent"
    id={1}
    key="1"
    note=""
  />
  <ExpenseListItem
    amount={40000}
    createdAt={-345600000}
    description="Car"
    id={2}
    key="2"
    note=""
  />
  <ExpenseListItem
    amount={9500}
    createdAt={345600000}
    description="Groceries"
    id={3}
    key="3"
    note=""
  />
</div>
`;
